// Jest Snapshot v1, https://goo.gl/fbAQLP

exports[`renders correctly when data is loading 1`] = `
<div
  className="loader"
>
  Loading...
</div>
`;

exports[`renders correctly when items have loaded 1`] = `
<div
  className="list-view"
>
  <div
    className="row"
  >
    <div
      className="col-md-6"
    >
      <h1>
        Products
      </h1>
    </div>
    <div
      className="col-md-6"
    >
      <div
        className="d-flex w-100 p-2"
      >
        <label
          className="pt-2 pr-1 text-right"
          htmlFor="sort-by-select"
        >
          Sort:
        </label>
        <select
          className="form-control"
          id="sort-by-select"
          onChange={[Function]}
          value="name_asc"
        >
          <option
            value="name_asc"
          >
            Default (name)
          </option>
          <option
            value="price_desc"
          >
            Highest price
          </option>
          <option
            value="price_asc"
          >
            Lowest price
          </option>
        </select>
      </div>
      <div
        className="d-flex w-100 form-group p-2"
      >
        <label
          className="pt-2 pr-1 text-right"
          htmlFor="group-by-select"
        >
          Group by:
        </label>
        <select
          className="form-control"
          id="group-by-select"
          onChange={[Function]}
          value=""
        >
          <option
            value=""
          >
            None
          </option>
          <option
            value="type"
          >
            Type
          </option>
        </select>
      </div>
    </div>
  </div>
  <div
    className="list-group mt-2"
  >
    <div
      className="product-list-item list-group-item flex-column align-items-start mb-2"
    >
      <div
        className="d-flex w-100 justify-content-between"
      >
        <h5
          className="mb-1"
        >
          Item one
        </h5>
        <div>
          £
          156.98
        </div>
      </div>
      <p
        className="mb-1"
      >
        Item description
      </p>
      <small>
        <ul>
          <li>
            <span
              className="font-weight-bold"
            >
              ID: 
            </span>
            123-X
          </li>
          <li>
            <span
              className="font-weight-bold"
            >
              Type: 
            </span>
            Book
          </li>
          <li>
            <span
              className="font-weight-bold"
            >
              Department: 
            </span>
          </li>
          <li>
            <span
              className="font-weight-bold"
            >
              Weight: 
            </span>
            123
            g
          </li>
        </ul>
      </small>
    </div>
    <div
      className="product-list-item list-group-item flex-column align-items-start mb-2"
    >
      <div
        className="d-flex w-100 justify-content-between"
      >
        <h5
          className="mb-1"
        >
          Item two
        </h5>
        <div>
          £
          1.23
        </div>
      </div>
      <p
        className="mb-1"
      >
        Item description 2
      </p>
      <small>
        <ul>
          <li>
            <span
              className="font-weight-bold"
            >
              ID: 
            </span>
            123-Y
          </li>
          <li>
            <span
              className="font-weight-bold"
            >
              Type: 
            </span>
            Electrical
          </li>
          <li>
            <span
              className="font-weight-bold"
            >
              Department: 
            </span>
          </li>
          <li>
            <span
              className="font-weight-bold"
            >
              Weight: 
            </span>
            987
            g
          </li>
        </ul>
      </small>
    </div>
  </div>
</div>
`;
